Build started 9/5/2026 6:40:22 PM.
     1>Project "C:\~MDE-55TT2J4\RCRAInfo\tests\RCRAInfo.Data.Integration.Tests\RCRAInfo.Data.Integration.Tests.csproj" on node 1 (Restore target(s)).
     1>_GetAllRestoreProjectPathItems:
         Determining projects to restore...
     1>Project "C:\~MDE-55TT2J4\RCRAInfo\tests\RCRAInfo.Data.Integration.Tests\RCRAInfo.Data.Integration.Tests.csproj" (1) is building "C:\~MDE-55TT2J4\RCRAInfo\src\RCRAInfo.Data\RCRAInfo.Data.csproj" (2:4) on node 1 (_GenerateProjectRestoreGraph target(s)).
     2>AddPrunePackageReferences:
         Loading prune package data from PrunePackageData folder
         Failed to load prune package data from PrunePackageData folder, loading from targeting packs instead
         Looking for targeting packs in C:\Program Files\dotnet\packs\Microsoft.NETCore.App.Ref
         Pack directories found: C:\Program Files\dotnet\packs\Microsoft.NETCore.App.Ref\10.0.7
         Found package overrides file C:\Program Files\dotnet\packs\Microsoft.NETCore.App.Ref\10.0.7\data\PackageOverrides.txt
     2>Done Building Project "C:\~MDE-55TT2J4\RCRAInfo\src\RCRAInfo.Data\RCRAInfo.Data.csproj" (_GenerateProjectRestoreGraph target(s)).
     1>Restore:
         X.509 certificate chain validation will use the default trust store selected by .NET for code signing.
         X.509 certificate chain validation will use the default trust store selected by .NET for timestamping.
         Assets file has not changed. Skipping assets file writing. Path: C:\~MDE-55TT2J4\RCRAInfo\src\RCRAInfo.Core\obj\project.assets.json
         Assets file has not changed. Skipping assets file writing. Path: C:\~MDE-55TT2J4\RCRAInfo\src\RCRAInfo.Data\obj\project.assets.json
         Assets file has not changed. Skipping assets file writing. Path: C:\~MDE-55TT2J4\RCRAInfo\tests\RCRAInfo.Data.Integration.Tests\obj\project.assets.json
         Restored C:\~MDE-55TT2J4\RCRAInfo\tests\RCRAInfo.Data.Integration.Tests\RCRAInfo.Data.Integration.Tests.csproj (in 52 ms).
         Restored C:\~MDE-55TT2J4\RCRAInfo\src\RCRAInfo.Core\RCRAInfo.Core.csproj (in 51 ms).
         Restored C:\~MDE-55TT2J4\RCRAInfo\src\RCRAInfo.Data\RCRAInfo.Data.csproj (in 52 ms).
         
         NuGet Config files used:
             C:\Users\rsincero\AppData\Roaming\NuGet\NuGet.Config
             C:\Program Files (x86)\NuGet\Config\Microsoft.VisualStudio.FallbackLocation.config
             C:\Program Files (x86)\NuGet\Config\Microsoft.VisualStudio.Offline.config
         
         Feeds used:
             https://api.nuget.org/v3/index.json
             C:\Program Files (x86)\Microsoft SDKs\NuGetPackages\
         All projects are up-to-date for restore.
     1>Done Building Project "C:\~MDE-55TT2J4\RCRAInfo\tests\RCRAInfo.Data.Integration.Tests\RCRAInfo.Data.Integration.Tests.csproj" (Restore target(s)).
   1:7>Project "C:\~MDE-55TT2J4\RCRAInfo\tests\RCRAInfo.Data.Integration.Tests\RCRAInfo.Data.Integration.Tests.csproj" on node 1 (VSTest target(s)).
     1>BuildProject:
         Build started, please wait...
   1:7>Project "C:\~MDE-55TT2J4\RCRAInfo\tests\RCRAInfo.Data.Integration.Tests\RCRAInfo.Data.Integration.Tests.csproj" (1:7) is building "C:\~MDE-55TT2J4\RCRAInfo\tests\RCRAInfo.Data.Integration.Tests\RCRAInfo.Data.Integration.Tests.csproj" (1:8) on node 1 (default targets).
   1:8>Project "C:\~MDE-55TT2J4\RCRAInfo\tests\RCRAInfo.Data.Integration.Tests\RCRAInfo.Data.Integration.Tests.csproj" (1:8) is building "C:\~MDE-55TT2J4\RCRAInfo\src\RCRAInfo.Core\RCRAInfo.Core.csproj" (3:6) on node 2 (default targets).
     3>GenerateTargetFrameworkMonikerAttribute:
       Skipping target "GenerateTargetFrameworkMonikerAttribute" because all output files are up-to-date with respect to the input files.
       CoreGenerateAssemblyInfo:
       Skipping target "CoreGenerateAssemblyInfo" because all output files are up-to-date with respect to the input files.
       _GenerateSourceLinkFile:
         Source Link is empty, file 'obj\Debug\net10.0\RCRAInfo.Core.sourcelink.json' does not exist.
       CoreCompile:
       Skipping target "CoreCompile" because all output files are up-to-date with respect to the input files.
       GenerateBuildDependencyFile:
       Skipping target "GenerateBuildDependencyFile" because all output files are up-to-date with respect to the input files.
       CopyFilesToOutputDirectory:
         RCRAInfo.Core -> C:\~MDE-55TT2J4\RCRAInfo\src\RCRAInfo.Core\bin\Debug\net10.0\RCRAInfo.Core.dll
     3>Done Building Project "C:\~MDE-55TT2J4\RCRAInfo\src\RCRAInfo.Core\RCRAInfo.Core.csproj" (default targets).
   1:8>Project "C:\~MDE-55TT2J4\RCRAInfo\tests\RCRAInfo.Data.Integration.Tests\RCRAInfo.Data.Integration.Tests.csproj" (1:8) is building "C:\~MDE-55TT2J4\RCRAInfo\src\RCRAInfo.Data\RCRAInfo.Data.csproj" (2:6) on node 1 (default targets).
     2>GenerateTargetFrameworkMonikerAttribute:
       Skipping target "GenerateTargetFrameworkMonikerAttribute" because all output files are up-to-date with respect to the input files.
       CoreGenerateAssemblyInfo:
       Skipping target "CoreGenerateAssemblyInfo" because all output files are up-to-date with respect to the input files.
       _GenerateSourceLinkFile:
         Source Link is empty, file 'obj\Debug\net10.0\RCRAInfo.Data.sourcelink.json' does not exist.
       CoreCompile:
       Skipping target "CoreCompile" because all output files are up-to-date with respect to the input files.
       GenerateBuildDependencyFile:
       Skipping target "GenerateBuildDependencyFile" because all output files are up-to-date with respect to the input files.
       CopyFilesToOutputDirectory:
         RCRAInfo.Data -> C:\~MDE-55TT2J4\RCRAInfo\src\RCRAInfo.Data\bin\Debug\net10.0\RCRAInfo.Data.dll
     2>Done Building Project "C:\~MDE-55TT2J4\RCRAInfo\src\RCRAInfo.Data\RCRAInfo.Data.csproj" (default targets).
     1>GenerateTargetFrameworkMonikerAttribute:
       Skipping target "GenerateTargetFrameworkMonikerAttribute" because all output files are up-to-date with respect to the input files.
       CoreGenerateAssemblyInfo:
       Skipping target "CoreGenerateAssemblyInfo" because all output files are up-to-date with respect to the input files.
       _GenerateSourceLinkFile:
         Source Link is empty, file 'obj\Debug\net10.0\RCRAInfo.Data.Integration.Tests.sourcelink.json' does not exist.
       CoreCompile:
       Skipping target "CoreCompile" because all output files are up-to-date with respect to the input files.
       _CopyOutOfDateSourceItemsToOutputDirectory:
       Skipping target "_CopyOutOfDateSourceItemsToOutputDirectory" because all output files are up-to-date with respect to the input files.
       GenerateBuildDependencyFile:
       Skipping target "GenerateBuildDependencyFile" because all output files are up-to-date with respect to the input files.
       GenerateBuildRuntimeConfigurationFiles:
       Skipping target "GenerateBuildRuntimeConfigurationFiles" because all output files are up-to-date with respect to the input files.
       CopyFilesToOutputDirectory:
         RCRAInfo.Data.Integration.Tests -> C:\~MDE-55TT2J4\RCRAInfo\tests\RCRAInfo.Data.Integration.Tests\bin\Debug\net10.0\RCRAInfo.Data.Integration.Tests.dll
     1>Done Building Project "C:\~MDE-55TT2J4\RCRAInfo\tests\RCRAInfo.Data.Integration.Tests\RCRAInfo.Data.Integration.Tests.csproj" (default targets).
     1>BuildProject:
         Build completed.
         
Test run for C:\~MDE-55TT2J4\RCRAInfo\tests\RCRAInfo.Data.Integration.Tests\bin\Debug\net10.0\RCRAInfo.Data.Integration.Tests.dll (.NETCoreApp,Version=v10.0)
A total of 1 test files matched the specified pattern.
[xUnit.net 00:00:00.00] xUnit.net VSTest Adapter v3.1.4+50e68bbb8b (64-bit .NET 10.0.11)
[xUnit.net 00:00:00.06]   Discovering: RCRAInfo.Data.Integration.Tests
[xUnit.net 00:00:00.12]   Discovered:  RCRAInfo.Data.Integration.Tests
[xUnit.net 00:00:00.14]   Starting:    RCRAInfo.Data.Integration.Tests
[xUnit.net 00:00:00.35]     RCRAInfo.Data.Integration.Tests.PayloadRefusalTests.EveryProcedureWithAPayloadParameterIsCovered [FAIL]
[xUnit.net 00:00:00.35]       Assert.Equal() Failure: Values differ
[xUnit.net 00:00:00.35]       Expected: 5
[xUnit.net 00:00:00.35]       Actual:   9
[xUnit.net 00:00:00.35]       Stack Trace:
[xUnit.net 00:00:00.35]         C:\~MDE-55TT2J4\RCRAInfo\tests\RCRAInfo.Data.Integration.Tests\PayloadRefusalTests.cs(225,0): at RCRAInfo.Data.Integration.Tests.PayloadRefusalTests.EveryProcedureWithAPayloadParameterIsCovered()
[xUnit.net 00:00:00.35]         C:\~MDE-55TT2J4\RCRAInfo\tests\RCRAInfo.Data.Integration.Tests\PayloadRefusalTests.cs(225,0): at RCRAInfo.Data.Integration.Tests.PayloadRefusalTests.EveryProcedureWithAPayloadParameterIsCovered()
[xUnit.net 00:00:00.35]         --- End of stack trace from previous location ---
  Failed RCRAInfo.Data.Integration.Tests.PayloadRefusalTests.EveryProcedureWithAPayloadParameterIsCovered [175 ms]
  Error Message:
   Assert.Equal() Failure: Values differ
Expected: 5
Actual:   9
  Stack Trace:
     at RCRAInfo.Data.Integration.Tests.PayloadRefusalTests.EveryProcedureWithAPayloadParameterIsCovered() in C:\~MDE-55TT2J4\RCRAInfo\tests\RCRAInfo.Data.Integration.Tests\PayloadRefusalTests.cs:line 225
   at RCRAInfo.Data.Integration.Tests.PayloadRefusalTests.EveryProcedureWithAPayloadParameterIsCovered() in C:\~MDE-55TT2J4\RCRAInfo\tests\RCRAInfo.Data.Integration.Tests\PayloadRefusalTests.cs:line 225
--- End of stack trace from previous location ---
  Passed RCRAInfo.Data.Integration.Tests.PayloadRefusalTests.TextThatIsNotJsonIsRefused(procedure: "dbo.uspRefreshLookupSet") [386 ms]
  Passed RCRAInfo.Data.Integration.Tests.PayloadRefusalTests.TextThatIsNotJsonIsRefused(procedure: "logs.uspUpsertHandlerLoadStatusSet") [16 ms]
  Passed RCRAInfo.Data.Integration.Tests.PayloadRefusalTests.TextThatIsNotJsonIsRefused(procedure: "dbo.uspMergeHandlerSourceBatch") [51 ms]
  Passed RCRAInfo.Data.Integration.Tests.PayloadRefusalTests.TextThatIsNotJsonIsRefused(procedure: "dbo.uspSoftDeleteHandlerSourceSet") [5 ms]
  Passed RCRAInfo.Data.Integration.Tests.PayloadRefusalTests.TextThatIsNotJsonIsRefused(procedure: "dbo.uspReconcileCurrentRecord") [5 ms]
  Passed RCRAInfo.Data.Integration.Tests.PayloadRefusalTests.ABareObjectIsRefusedRatherThanShreddedToNothing(procedure: "dbo.uspRefreshLookupSet") [5 ms]
  Passed RCRAInfo.Data.Integration.Tests.PayloadRefusalTests.ABareObjectIsRefusedRatherThanShreddedToNothing(procedure: "dbo.uspSoftDeleteHandlerSourceSet") [5 ms]
  Passed RCRAInfo.Data.Integration.Tests.PayloadRefusalTests.ABareObjectIsRefusedRatherThanShreddedToNothing(procedure: "dbo.uspReconcileCurrentRecord") [5 ms]
  Passed RCRAInfo.Data.Integration.Tests.PayloadRefusalTests.ABareObjectIsRefusedRatherThanShreddedToNothing(procedure: "dbo.uspMergeHandlerSourceBatch") [4 ms]
  Passed RCRAInfo.Data.Integration.Tests.PayloadRefusalTests.ABareObjectIsRefusedRatherThanShreddedToNothing(procedure: "logs.uspUpsertHandlerLoadStatusSet") [4 ms]
  Passed RCRAInfo.Data.Integration.Tests.PayloadRefusalTests.ANullPayloadIsRefused(procedure: "dbo.uspMergeHandlerSourceBatch") [6 ms]
  Passed RCRAInfo.Data.Integration.Tests.PayloadRefusalTests.ANullPayloadIsRefused(procedure: "logs.uspUpsertHandlerLoadStatusSet") [4 ms]
  Passed RCRAInfo.Data.Integration.Tests.PayloadRefusalTests.ANullPayloadIsRefused(procedure: "dbo.uspReconcileCurrentRecord") [15 ms]
  Passed RCRAInfo.Data.Integration.Tests.PayloadRefusalTests.ANullPayloadIsRefused(procedure: "dbo.uspSoftDeleteHandlerSourceSet") [5 ms]
  Passed RCRAInfo.Data.Integration.Tests.PayloadRefusalTests.ANullPayloadIsRefused(procedure: "dbo.uspRefreshLookupSet") [4 ms]
  Passed RCRAInfo.Data.Integration.Tests.PayloadRefusalTests.AnEmptyArrayIsAcceptedAndDoesNothing(procedure: "dbo.uspReconcileCurrentRecord") [61 ms]
  Passed RCRAInfo.Data.Integration.Tests.PayloadRefusalTests.AnEmptyArrayIsAcceptedAndDoesNothing(procedure: "dbo.uspRefreshLookupSet") [19 ms]
[xUnit.net 00:00:01.09]   Finished:    RCRAInfo.Data.Integration.Tests
  Passed RCRAInfo.Data.Integration.Tests.PayloadRefusalTests.AnEmptyArrayIsAcceptedAndDoesNothing(procedure: "logs.uspUpsertHandlerLoadStatusSet") [5 ms]
  Passed RCRAInfo.Data.Integration.Tests.PayloadRefusalTests.AnEmptyArrayIsAcceptedAndDoesNothing(procedure: "dbo.uspSoftDeleteHandlerSourceSet") [102 ms]
  Passed RCRAInfo.Data.Integration.Tests.PayloadRefusalTests.AnEmptyArrayIsAcceptedAndDoesNothing(procedure: "dbo.uspMergeHandlerSourceBatch") [11 ms]

Test Run Failed.
Total tests: 21
     Passed: 20
     Failed: 1
 Total time: 1.6316 Seconds
       _VSTestConsole:
         MSB4181: The "VSTestTask" task returned false but did not log an error.
     1>Done Building Project "C:\~MDE-55TT2J4\RCRAInfo\tests\RCRAInfo.Data.Integration.Tests\RCRAInfo.Data.Integration.Tests.csproj" (VSTest target(s)) -- FAILED.

Build FAILED.
    0 Warning(s)
    0 Error(s)

Time Elapsed 00:00:03.84
